// Jest Snapshot v1, https://goo.gl/fbAQLP

exports[`test cookies info section render cookies section 1`] = `
<p
	class="cookiesSection"
>
	yep. this site uses cookies. click
	<a
		class="link"
		href="#cookies-policy"
	>
		here
	</a>
	 for more.
</p>
`;
