// Jest Snapshot v1, https://goo.gl/fbAQLP

exports[`test more info section render more info section 1`] = `
<section
  class="aboutSection"
>
  <p
    class="aboutSection__copyrights"
  >
    made with ‚ù§ in Gdynia 2017
  </p>
  <a
    class="link link--inverted aboutSection__aboutLink"
    href="#about"
  >
    about
  </a>
</section>
`;
